============================= test session starts =============================
platform win32 -- Python 3.13.4, pytest-9.0.2, pluggy-1.6.0
rootdir: D:\Workspace\pii_redaction_env
configfile: pyproject.toml
plugins: anyio-4.9.0, langsmith-0.4.4, asyncio-1.3.0
asyncio: mode=Mode.STRICT, debug=False, asyncio_default_fixture_loop_scope=None, asyncio_default_test_loop_scope=function
collected 0 items / 3 errors

=================================== ERRORS ====================================
_____________________ ERROR collecting tests/test_env.py ______________________
ImportError while importing test module 'D:\Workspace\pii_redaction_env\tests\test_env.py'.
Hint: make sure your test modules/packages have valid Python names.
Traceback:
C:\Users\thebe\AppData\Local\Programs\Python\Python313\Lib\importlib\__init__.py:88: in import_module
    return _bootstrap._gcd_import(name[level:], package, level)
           ^^^^^^^^^^^^^^^^^^^^^^^^^^^^^^^^^^^^^^^^^^^^^^^^^^^^
tests\test_env.py:1: in <module>
    from server.pii_redaction_env_environment import RedactionEnvironment
E   ModuleNotFoundError: No module named 'server'
___________________ ERROR collecting tests/test_graders.py ____________________
ImportError while importing test module 'D:\Workspace\pii_redaction_env\tests\test_graders.py'.
Hint: make sure your test modules/packages have valid Python names.
Traceback:
C:\Users\thebe\AppData\Local\Programs\Python\Python313\Lib\importlib\__init__.py:88: in import_module
    return _bootstrap._gcd_import(name[level:], package, level)
           ^^^^^^^^^^^^^^^^^^^^^^^^^^^^^^^^^^^^^^^^^^^^^^^^^^^^
tests\test_graders.py:1: in <module>
    from server.graders import compute_grade
E   ModuleNotFoundError: No module named 'server'
____________________ ERROR collecting tests/test_models.py ____________________
ImportError while importing test module 'D:\Workspace\pii_redaction_env\tests\test_models.py'.
Hint: make sure your test modules/packages have valid Python names.
Traceback:
C:\Users\thebe\AppData\Local\Programs\Python\Python313\Lib\importlib\__init__.py:88: in import_module
    return _bootstrap._gcd_import(name[level:], package, level)
           ^^^^^^^^^^^^^^^^^^^^^^^^^^^^^^^^^^^^^^^^^^^^^^^^^^^^
tests\test_models.py:3: in <module>
    from models import ActionType, RedactionAction
E   ModuleNotFoundError: No module named 'models'
=========================== short test summary info ===========================
ERROR tests/test_env.py
ERROR tests/test_graders.py
ERROR tests/test_models.py
!!!!!!!!!!!!!!!!!!! Interrupted: 3 errors during collection !!!!!!!!!!!!!!!!!!!
============================== 3 errors in 0.16s ==============================
